[
  { "role": "user", "text": "/start" },
  {
    "role": "bot",
    "text": "Hello there, TestName! Use /menu to manage vocabularies and start exercises",
    "buttons": []
  },
  { "role": "user", "text": "/menu" },
  { "role": "bot", "text": "Menu", "buttons": ["Vocabularies", "Exercises"] },
  { "role": "user", "text": "tap Vocabularies" },
  {
    "role": "bot",
    "text": "Vocabularies",
    "buttons": ["Create vocabulary", "Back"]
  },
  { "role": "user", "text": "tap Create vocabulary" },
  {
    "role": "bot",
    "text": "Enter the name of the language you are learning \\(Goal language\\), for example `English`:",
    "buttons": []
  },
  { "role": "user", "text": "English" },
  {
    "role": "bot",
    "text": "Enter the name of your language used for translations \\(Native language\\), for example `Russian`:",
    "buttons": []
  },
  { "role": "user", "text": "Russian" },
  {
    "role": "bot",
    "text": "Now enter a name for this vocabulary, for example `c1 preparation`:",
    "buttons": []
  },
  { "role": "user", "text": "c1 preparation" },
  {
    "role": "bot",
    "text": "What target level is this vocabulary for? Answer in any format, for example: `c1`, `intermediate`, or `I am total beginner`:",
    "buttons": []
  },
  { "role": "user", "text": "c1" },
  {
    "role": "bot",
    "text": "Created vocabulary “c1 preparation” (Russian → English). It is now selected. Selected vocabulary is used for all exercises. Now you can add words to it.",
    "buttons": []
  },
  {
    "role": "bot",
    "text": "Vocabulary c1 preparation (Russian → English)\n\nLevel: c1\nTotal amount of words: 0\n\nBest learned words:\n\nLeast learned words:",
    "buttons": [
      "Add word",
      "Delete words…",
      "Select Vocabulary",
      "Rename Vocabulary",
      "Delete Vocabulary",
      "Back"
    ]
  },
  { "role": "user", "text": "tap Add word" },
  {
    "role": "bot",
    "text": "Type next word in English. Send /stop to finish.",
    "buttons": []
  },
  { "role": "user", "text": "hello" },
  {
    "role": "bot",
    "text": "Type its translation in Russian, or tap /auto to translate automatically.",
    "buttons": []
  },
  { "role": "user", "text": "привет" },
  {
    "role": "bot",
    "text": "Saved “hello” → “привет”. Enter next English word, or /stop to finish.",
    "buttons": []
  },
  {
    "role": "bot",
    "text": "Type next word in English. Send /stop to finish.",
    "buttons": []
  },
  { "role": "user", "text": "/stop" },
  { "role": "bot", "text": "Menu", "buttons": ["Vocabularies", "Exercises"] },
  { "role": "user", "text": "tap Exercises" },
  {
    "role": "bot",
    "text": "Your current selected vocabulary is “c1 preparation” (English words). Go to /vocabs to change it.\n\nChoose translation exercise to train.\n\n“Word” = translate one word directly. “Sentence” = translate the whole sentence.\n\nFor English→Russian translation, the prompt will include at least one word from your list.\nFor Russian→English translation, your answer must include at least one word from your list.",
    "buttons": [
      "Word EN→RU",
      "Word RU→EN",
      "Sentence EN→RU",
      "Sentence RU→EN",
      "Back"
    ]
  },
  { "role": "user", "text": "tap Word EN→RU" },
  {
    "role": "bot",
    "text": "Translate this word from English to Russian:\nhello",
    "buttons": []
  },
  { "role": "user", "text": "привет" },
  { "role": "bot", "text": "Correct", "buttons": [] },
  {
    "role": "bot",
    "text": "Translate this word from English to Russian:\nhello",
    "buttons": []
  },
  { "role": "user", "text": "wrong" },
  { "role": "bot", "text": "Incorrect. Right answer: привет", "buttons": [] },
  {
    "role": "bot",
    "text": "Translate this word from English to Russian:\nhello",
    "buttons": []
  },
  { "role": "user", "text": "/stop" },
  { "role": "bot", "text": "Menu", "buttons": ["Vocabularies", "Exercises"] },
  { "role": "user", "text": "tap Vocabularies" },
  {
    "role": "bot",
    "text": "Vocabularies\nCurrent: c1 preparation (RU→EN)",
    "buttons": ["c1 preparation", "Create vocabulary", "Back"]
  },
  { "role": "user", "text": "tap c1 preparation" },
  {
    "role": "bot",
    "text": "Vocabulary c1 preparation (Russian → English)\n\nLevel: c1\nTotal amount of words: 1\n\nBest learned words:\n1. hello/привет - 1 correct, 1 mistakes\n\nLeast learned words:\n1. hello/привет - 1 correct, 1 mistakes",
    "buttons": [
      "Add word",
      "Delete words…",
      "Select Vocabulary",
      "Rename Vocabulary",
      "Delete Vocabulary",
      "Back"
    ]
  }
]
